https://github.com/Dipakbhise7498/MCA_DIPAK.git


this is new repository link then:
open folder right click git bash here 
    Lenovo@DESKTOP-60Q785R MINGW64 /g/Mca_Dipak
    $ git init
     Initialized empty Git repository in G:/Mca_Dipak/.git
this command means add git 

then use with vs code in visual studio code there add slect folder workspace or write some index.html file or style.css file 
Lenovo@DESKTOP-60Q785R MINGW64 /g/Mca_Dipak (master)
$ git branch -M main

Lenovo@DESKTOP-60Q785R MINGW64 /g/Mca_Dipak (main)
$ git checkout -b master
Switched to a new branch 'master'

Lenovo@DESKTOP-60Q785R MINGW64 /g/Mca_Dipak (master)

THEN USE FOLLOWS COMMAND:
Lenovo@DESKTOP-60Q785R MINGW64 /g/Mca_Dipak (main)
$ git checkout -b master
Switched to a new branch 'master'

Lenovo@DESKTOP-60Q785R MINGW64 /g/Mca_Dipak (master)
$ git status
On branch master

No commits yet

Untracked files:
  (use "git add <file>..." to include in what will be committed)
        imgs/

nothing added to commit but untracked files present (use "git add" to track)

Lenovo@DESKTOP-60Q785R MINGW64 /g/Mca_Dipak (master)
$ git add .

Lenovo@DESKTOP-60Q785R MINGW64 /g/Mca_Dipak (master)
$ git status
On branch master

No commits yet

Changes to be committed:
  (use "git rm --cached <file>..." to unstage)
        new file:   imgs/web1/index.html
        new file:   imgs/web1/style.css


Lenovo@DESKTOP-60Q785R MINGW64 /g/Mca_Dipak (master)
$ git commit -m "commit latest code"
[master (root-commit) d7776a4] commit latest code
 2 files changed, 11 insertions(+)
 create mode 100644 imgs/web1/index.html
 create mode 100644 imgs/web1/style.css

Lenovo@DESKTOP-60Q785R MINGW64 /g/Mca_Dipak (master)
$ git remote add origin https://github.com/Dipakbhise7498/MCA_DIPAK.git

Lenovo@DESKTOP-60Q785R MINGW64 /g/Mca_Dipak (master)
$ git push -u origin master
Enumerating objects: 6, done.
Counting objects: 100% (6/6), done.
Delta compression using up to 4 threads
Compressing objects: 100% (3/3), done.
Writing objects: 100% (6/6), 489 bytes | 489.00 KiB/s, done.
Total 6 (delta 0), reused 0 (delta 0), pack-reused 0
To https://github.com/Dipakbhise7498/MCA_DIPAK.git
 * [new branch]      master -> master
branch 'master' set up to track 'origin/master'.

Lenovo@DESKTOP-60Q785R MINGW64 /g/Mca_Dipak (master)
$

after this process write code or run live change,save,live server run  -____codepush update or host website from git setting pages:-brances select:-save:-generate site for wait THANK YOU!S

